L3DataTunnelTerminate.o 
L3DataConfig.o 
L3DataDelEidTable.o 
L3DataFTAddEntry.o 
L3DataFTDelEntry.o 
L3DataFTEntryExpire.o 
L3DataRaid.o 
L3DataRoam.o 
L3DataSnoopTimer.o 
L3DataSyncIL.o 
L3DataTunnelChangeAnchor.o 
L3DataTunnelEstablish.o 
L3DataTunnelRequestBase.o 
L3DataTunnelResponseBase.o 
L3DataTunnelSync.o 
L3L3L2CfgAirLinkReq.o 
L3L3L2CpeProfpUdateNotify.o 
L3L3L2CpeRegNotify.o 
L3L3L2McpStateNotify.o 
L3L3L2RFStateNotify.o 
L3OamAlarmHandleNotify.o 
L3OamAlmNotifyEms.o 
L3OamAlmNotifyOam.o 
L3OamBCCPESWRateNotify.o 
L3OamBCCPESWReq.o 
L3OamBCCPESWRsp.o 
L3OamBtsDataDLoadNotify.o 
L3OamBtsRegNotify.o 
L3OamBtsRegReq.o 
L3OamBtsRegRsp.o 
L3OamBtsRstNotify.o 
L3OamBtsSWDLoadReq.o 
L3OamBtsSWUpdateReq.o 
L3OamCfgACLReq.o 
L3OamCfgAirLinkMisc.o 
L3OamCfgAirLinkReq.o 
L3OamCfgArpDataServiceReq.o 
L3OamCfgBillingDataReq.o 
L3OamCfgBtsGenDataReq.o 
L3OamCfgBtsNeibListReq.o 
L3OamCfgBtsRstReq.o 
L3OamCfgCalActionReq.o 
L3OamCfgCalDataReq.o 
L3OamCfgCalGenDataReq.o 
L3OamCfgCalibrationTimer.o 
L3OamCfgCalRstGenNotify.o 
L3OamCfgCalRstNotify.o 
L3OamCfgCfgCalReq.o 
L3OamCfgCpeServiceReq.o 
L3OamCfgDataServiceReq.o 
L3OamCfgDelACLReq.o 
L3OamCfgDmDataServiceReq.o 
L3OamCfgEbDataServiceReq.o 
L3OamCfgGpsDataReq.o 
L3OamCfgGpsLocNotify.o 
L3OamCfgInitFailNotify.o 
L3OamCfgL1GenDataReq.o 
L3OamCfgPerfLogReq.o 
L3OamCfgRfReq.o 
L3OamCfgRMPolicy.o 
L3OamCfgSFIDReq.o 
L3OamCfgSnoopDataServiceReq.o 
L3OamCfgTempAlarmReq.o 
L3OamCfgTosReq.o 
L3OamCommonReq.o 
L3OamCommonRsp.o 
L3OamCommonRspFromCpe.o 
L3OamCpeCommonReq.o 
L3OamCpeLocationNotify.o 
L3OamCpeProfUpdateReq.o 
L3oamCpeRegNotify.o 
L3OamCpeReq.o 
L3OamCpeSWDLoadReq.o 
L3OamCpeSwitchOffNotify.o 
L3OamFileLoadNotify.o 
L3OamModuleBootupNotify.o 
L3OamSessionIdUpdateReq.o 
L3OamSetCpeTimeNotify.o 
L3OamUnicastUTSWReqFail.o 
L3OamUpdateCpeSWRateNotify.o 
L3OamUpdateCpeSWReq.o 
L3OamUpdateCpeSWResultNotify.o 
L3OODeleteAlarmNotify.o 
L3OOModuleInitNotify.o 
L3L3BroadcastUTSWTimer.o 
L3L3CfgDMDataNotify.o 
L3L3CfgVoicePortNotify.o 
L3L3CpeProfUpdateReq.o 
L3L3CpeSWDLPackReq.o 
L3L3CpeSWDLPackRsp.o 
L3L3CpeSWDLReq.o 
L3L3CpeSWDLResultNotify.o 
L3L3L2AuxStateNotify.o 
L3L3L2BtsRstCntChangeNotify.o 
CallSignalMsg.o 
L3OamCpuWorkingNotify.o 
L3OAMCpuAlarmNofity.o 
L3OamGetBoardsStateRsp.o 
L3DataFTCheckVLAN.o 
L3OamCfgNeighbourBtsLoadInfo.o 
L3OamCfgBtsRepeaterReq.o 
L3L3L2BtsConfigSYNPower.o 
L3DataNotifyBTSPubIP.o 
L3DataNotifyRefreshJammingNeighbor.o 
L3DataMFTEntryExpire.o 
L3DataMFTAddEntry.o 
L3DataMFTDelEntry.o 
L3OamAuth.o 
L3L3CpeEthCfgReq.o 
L3L3CpeEthCfgRsp.o 
